[     109ms] [ERROR] Failed to load resource: the server responded with a status of 500 (Internal Server Error) @ http://localhost:5174/src/pages/Unauthorized.tsx?t=1789296329883:0
[   15150ms] [INFO] %cDownload the React DevTools for a better development experience: https://reactjs.org/link/react-devtools font-weight:bold @ http://localhost:5174/node_modules/.vite/deps/chunk-SVG7M4VJ.js?v=372c255e:21606
[   15424ms] [WARNING] ⚠️ React Router Future Flag Warning: React Router will begin wrapping state updates in `React.startTransition` in v7. You can use the `v7_startTransition` future flag to opt-in early. For more information, see https://reactrouter.com/v6/upgrading/future#v7_starttransition. @ http://localhost:5174/node_modules/.vite/deps/react-router-dom.js?v=372c255e:4414
[   15424ms] [WARNING] ⚠️ React Router Future Flag Warning: Relative route resolution within Splat routes is changing in v7. You can use the `v7_relativeSplatPath` future flag to opt-in early. For more information, see https://reactrouter.com/v6/upgrading/future#v7_relativesplatpath. @ http://localhost:5174/node_modules/.vite/deps/react-router-dom.js?v=372c255e:4414
[   15509ms] [ERROR] Failed to load resource: the server responded with a status of 500 (Internal Server Error) @ http://localhost:5174/api/v1/auth/login:0
[   15541ms] [ERROR] Failed to load resource: the server responded with a status of 500 (Internal Server Error) @ http://localhost:5174/api/v1/inspections?circle_id=CIRCLE_DL_SOUTH_01:0
[   15542ms] [WARNING] Live server unreachable for listInspections. Falling back to Mode B local datastore: {error_code: NETWORK_OR_SERVER_ERROR, status: 503, message: HTTP 500, remediation: Check network connection or toggle Local Resilient Mode., timestamp: 2026-09-13T10:48:09.307Z} @ http://localhost:5174/src/services/api.ts:133
[   15544ms] [ERROR] Failed to load resource: the server responded with a status of 500 (Internal Server Error) @ http://localhost:5174/api/v1/inspections?circle_id=CIRCLE_DL_SOUTH_01:0
[   15544ms] [WARNING] Live server unreachable for listInspections. Falling back to Mode B local datastore: {error_code: NETWORK_OR_SERVER_ERROR, status: 503, message: HTTP 500, remediation: Check network connection or toggle Local Resilient Mode., timestamp: 2026-09-13T10:48:09.309Z} @ http://localhost:5174/src/services/api.ts:133
[   15545ms] [ERROR] Failed to load resource: the server responded with a status of 500 (Internal Server Error) @ http://localhost:5174/api/v1/inspections?circle_id=CIRCLE_DL_SOUTH_01:0
[   15545ms] [WARNING] Live server unreachable for listInspections. Falling back to Mode B local datastore: {error_code: NETWORK_OR_SERVER_ERROR, status: 503, message: HTTP 500, remediation: Check network connection or toggle Local Resilient Mode., timestamp: 2026-09-13T10:48:09.310Z} @ http://localhost:5174/src/services/api.ts:133
[   15546ms] [ERROR] Failed to load resource: the server responded with a status of 500 (Internal Server Error) @ http://localhost:5174/api/v1/inspections?circle_id=CIRCLE_DL_SOUTH_01:0
[   15546ms] [WARNING] Live server unreachable for listInspections. Falling back to Mode B local datastore: {error_code: NETWORK_OR_SERVER_ERROR, status: 503, message: HTTP 500, remediation: Check network connection or toggle Local Resilient Mode., timestamp: 2026-09-13T10:48:09.312Z} @ http://localhost:5174/src/services/api.ts:133
[   22131ms] [INFO] %cDownload the React DevTools for a better development experience: https://reactjs.org/link/react-devtools font-weight:bold @ http://localhost:5174/node_modules/.vite/deps/chunk-SVG7M4VJ.js?v=372c255e:21606
[   22286ms] [WARNING] ⚠️ React Router Future Flag Warning: React Router will begin wrapping state updates in `React.startTransition` in v7. You can use the `v7_startTransition` future flag to opt-in early. For more information, see https://reactrouter.com/v6/upgrading/future#v7_starttransition. @ http://localhost:5174/node_modules/.vite/deps/react-router-dom.js?v=372c255e:4414
[   22286ms] [WARNING] ⚠️ React Router Future Flag Warning: Relative route resolution within Splat routes is changing in v7. You can use the `v7_relativeSplatPath` future flag to opt-in early. For more information, see https://reactrouter.com/v6/upgrading/future#v7_relativesplatpath. @ http://localhost:5174/node_modules/.vite/deps/react-router-dom.js?v=372c255e:4414
[   22311ms] [ERROR] Failed to load resource: the server responded with a status of 500 (Internal Server Error) @ http://localhost:5174/api/v1/auth/login:0
[   22348ms] [ERROR] Failed to load resource: the server responded with a status of 500 (Internal Server Error) @ http://localhost:5174/api/v1/inspections?circle_id=CIRCLE_DL_SOUTH_01:0
[   22348ms] [WARNING] Live server unreachable for listInspections. Falling back to Mode B local datastore: {error_code: NETWORK_OR_SERVER_ERROR, status: 503, message: HTTP 500, remediation: Check network connection or toggle Local Resilient Mode., timestamp: 2026-09-13T10:48:16.114Z} @ http://localhost:5174/src/services/api.ts:133
[   22350ms] [ERROR] Failed to load resource: the server responded with a status of 500 (Internal Server Error) @ http://localhost:5174/api/v1/inspections?circle_id=CIRCLE_DL_SOUTH_01:0
[   22350ms] [WARNING] Live server unreachable for listInspections. Falling back to Mode B local datastore: {error_code: NETWORK_OR_SERVER_ERROR, status: 503, message: HTTP 500, remediation: Check network connection or toggle Local Resilient Mode., timestamp: 2026-09-13T10:48:16.115Z} @ http://localhost:5174/src/services/api.ts:133
[   22350ms] [ERROR] Failed to load resource: the server responded with a status of 500 (Internal Server Error) @ http://localhost:5174/api/v1/inspections?circle_id=CIRCLE_DL_SOUTH_01:0
[   22350ms] [WARNING] Live server unreachable for listInspections. Falling back to Mode B local datastore: {error_code: NETWORK_OR_SERVER_ERROR, status: 503, message: HTTP 500, remediation: Check network connection or toggle Local Resilient Mode., timestamp: 2026-09-13T10:48:16.116Z} @ http://localhost:5174/src/services/api.ts:133
[   22351ms] [ERROR] Failed to load resource: the server responded with a status of 500 (Internal Server Error) @ http://localhost:5174/api/v1/inspections?circle_id=CIRCLE_DL_SOUTH_01:0
[   22351ms] [WARNING] Live server unreachable for listInspections. Falling back to Mode B local datastore: {error_code: NETWORK_OR_SERVER_ERROR, status: 503, message: HTTP 500, remediation: Check network connection or toggle Local Resilient Mode., timestamp: 2026-09-13T10:48:16.117Z} @ http://localhost:5174/src/services/api.ts:133
