[     257ms] [INFO] %cDownload the React DevTools for a better development experience: https://reactjs.org/link/react-devtools font-weight:bold @ http://localhost:5174/node_modules/.vite/deps/chunk-SVG7M4VJ.js?v=372c255e:21606
[     430ms] [WARNING] ⚠️ React Router Future Flag Warning: React Router will begin wrapping state updates in `React.startTransition` in v7. You can use the `v7_startTransition` future flag to opt-in early. For more information, see https://reactrouter.com/v6/upgrading/future#v7_starttransition. @ http://localhost:5174/node_modules/.vite/deps/react-router-dom.js?v=372c255e:4414
[     430ms] [WARNING] ⚠️ React Router Future Flag Warning: Relative route resolution within Splat routes is changing in v7. You can use the `v7_relativeSplatPath` future flag to opt-in early. For more information, see https://reactrouter.com/v6/upgrading/future#v7_relativesplatpath. @ http://localhost:5174/node_modules/.vite/deps/react-router-dom.js?v=372c255e:4414
[     455ms] [ERROR] Failed to load resource: the server responded with a status of 500 (Internal Server Error) @ http://localhost:5174/api/v1/auth/login:0
[     613ms] [ERROR] Failed to load resource: the server responded with a status of 500 (Internal Server Error) @ http://localhost:5174/api/v1/inspections?circle_id=CIRCLE_QA_XSS_01:0
[     613ms] [WARNING] Live server unreachable for listInspections. Falling back to Mode B local datastore: {error_code: NETWORK_OR_SERVER_ERROR, status: 503, message: HTTP 500, remediation: Check network connection or toggle Local Resilient Mode., timestamp: 2026-09-13T10:41:04.583Z} @ http://localhost:5174/src/services/api.ts:133
[     614ms] [ERROR] Failed to load resource: the server responded with a status of 500 (Internal Server Error) @ http://localhost:5174/api/v1/inspections?circle_id=CIRCLE_QA_XSS_01:0
[     614ms] [WARNING] Live server unreachable for listInspections. Falling back to Mode B local datastore: {error_code: NETWORK_OR_SERVER_ERROR, status: 503, message: HTTP 500, remediation: Check network connection or toggle Local Resilient Mode., timestamp: 2026-09-13T10:41:04.584Z} @ http://localhost:5174/src/services/api.ts:133
[     615ms] [ERROR] Failed to load resource: the server responded with a status of 500 (Internal Server Error) @ http://localhost:5174/api/v1/inspections?circle_id=CIRCLE_QA_XSS_01:0
[     615ms] [WARNING] Live server unreachable for listInspections. Falling back to Mode B local datastore: {error_code: NETWORK_OR_SERVER_ERROR, status: 503, message: HTTP 500, remediation: Check network connection or toggle Local Resilient Mode., timestamp: 2026-09-13T10:41:04.585Z} @ http://localhost:5174/src/services/api.ts:133
[     616ms] [ERROR] Failed to load resource: the server responded with a status of 500 (Internal Server Error) @ http://localhost:5174/api/v1/inspections?circle_id=CIRCLE_QA_XSS_01:0
[     617ms] [WARNING] Live server unreachable for listInspections. Falling back to Mode B local datastore: {error_code: NETWORK_OR_SERVER_ERROR, status: 503, message: HTTP 500, remediation: Check network connection or toggle Local Resilient Mode., timestamp: 2026-09-13T10:41:04.586Z} @ http://localhost:5174/src/services/api.ts:133
[  165774ms] [INFO] %cDownload the React DevTools for a better development experience: https://reactjs.org/link/react-devtools font-weight:bold @ http://localhost:5174/node_modules/.vite/deps/chunk-SVG7M4VJ.js?v=372c255e:21606
[  165970ms] [WARNING] ⚠️ React Router Future Flag Warning: React Router will begin wrapping state updates in `React.startTransition` in v7. You can use the `v7_startTransition` future flag to opt-in early. For more information, see https://reactrouter.com/v6/upgrading/future#v7_starttransition. @ http://localhost:5174/node_modules/.vite/deps/react-router-dom.js?v=372c255e:4414
[  165970ms] [WARNING] ⚠️ React Router Future Flag Warning: Relative route resolution within Splat routes is changing in v7. You can use the `v7_relativeSplatPath` future flag to opt-in early. For more information, see https://reactrouter.com/v6/upgrading/future#v7_relativesplatpath. @ http://localhost:5174/node_modules/.vite/deps/react-router-dom.js?v=372c255e:4414
[  166031ms] [ERROR] Failed to load resource: the server responded with a status of 500 (Internal Server Error) @ http://localhost:5174/api/v1/auth/login:0
[  166048ms] [ERROR] Failed to load resource: the server responded with a status of 500 (Internal Server Error) @ http://localhost:5174/api/v1/inspections?circle_id=CIRCLE_GHOST_99:0
[  166049ms] [WARNING] Live server unreachable for listInspections. Falling back to Mode B local datastore: {error_code: NETWORK_OR_SERVER_ERROR, status: 503, message: HTTP 500, remediation: Check network connection or toggle Local Resilient Mode., timestamp: 2026-09-13T10:43:50.018Z} @ http://localhost:5174/src/services/api.ts:133
[  166050ms] [ERROR] Failed to load resource: the server responded with a status of 500 (Internal Server Error) @ http://localhost:5174/api/v1/inspections?circle_id=CIRCLE_GHOST_99:0
[  166050ms] [WARNING] Live server unreachable for listInspections. Falling back to Mode B local datastore: {error_code: NETWORK_OR_SERVER_ERROR, status: 503, message: HTTP 500, remediation: Check network connection or toggle Local Resilient Mode., timestamp: 2026-09-13T10:43:50.019Z} @ http://localhost:5174/src/services/api.ts:133
[  166053ms] [ERROR] Failed to load resource: the server responded with a status of 500 (Internal Server Error) @ http://localhost:5174/api/v1/inspections?circle_id=CIRCLE_GHOST_99:0
[  166053ms] [WARNING] Live server unreachable for listInspections. Falling back to Mode B local datastore: {error_code: NETWORK_OR_SERVER_ERROR, status: 503, message: HTTP 500, remediation: Check network connection or toggle Local Resilient Mode., timestamp: 2026-09-13T10:43:50.022Z} @ http://localhost:5174/src/services/api.ts:133
[  166091ms] [ERROR] Failed to load resource: the server responded with a status of 500 (Internal Server Error) @ http://localhost:5174/api/v1/inspections?circle_id=CIRCLE_GHOST_99:0
[  166092ms] [WARNING] Live server unreachable for listInspections. Falling back to Mode B local datastore: {error_code: NETWORK_OR_SERVER_ERROR, status: 503, message: HTTP 500, remediation: Check network connection or toggle Local Resilient Mode., timestamp: 2026-09-13T10:43:50.061Z} @ http://localhost:5174/src/services/api.ts:133
[  180241ms] [ERROR] Failed to load resource: the server responded with a status of 500 (Internal Server Error) @ http://localhost:5174/api/v1/auth/login:0
[  180246ms] [ERROR] Failed to load resource: the server responded with a status of 500 (Internal Server Error) @ http://localhost:5174/api/v1/inspections?circle_id=CIRCLE_GHOST_99:0
[  180247ms] [WARNING] Live server unreachable for listInspections. Falling back to Mode B local datastore: {error_code: NETWORK_OR_SERVER_ERROR, status: 503, message: HTTP 500, remediation: Check network connection or toggle Local Resilient Mode., timestamp: 2026-09-13T10:44:04.216Z} @ http://localhost:5174/src/services/api.ts:133
[  180337ms] [ERROR] Failed to load resource: the server responded with a status of 500 (Internal Server Error) @ http://localhost:5174/api/v1/auth/login:0
[  180345ms] [ERROR] Failed to load resource: the server responded with a status of 500 (Internal Server Error) @ http://localhost:5174/api/v1/inspections?circle_id=CIRCLE_GHOST_99:0
[  180345ms] [WARNING] Live server unreachable for listInspections. Falling back to Mode B local datastore: {error_code: NETWORK_OR_SERVER_ERROR, status: 503, message: HTTP 500, remediation: Check network connection or toggle Local Resilient Mode., timestamp: 2026-09-13T10:44:04.315Z} @ http://localhost:5174/src/services/api.ts:133
[  194483ms] [ERROR] Failed to load resource: the server responded with a status of 500 (Internal Server Error) @ http://localhost:5174/api/v1/auth/login:0
[  194493ms] [ERROR] Failed to load resource: the server responded with a status of 500 (Internal Server Error) @ http://localhost:5174/api/v1/inspections?circle_id=CIRCLE_GHOST_99:0
[  194494ms] [WARNING] Live server unreachable for listInspections. Falling back to Mode B local datastore: {error_code: NETWORK_OR_SERVER_ERROR, status: 503, message: HTTP 500, remediation: Check network connection or toggle Local Resilient Mode., timestamp: 2026-09-13T10:44:18.463Z} @ http://localhost:5174/src/services/api.ts:133
[  194495ms] [ERROR] Failed to load resource: the server responded with a status of 500 (Internal Server Error) @ http://localhost:5174/api/v1/inspections?circle_id=CIRCLE_DL_SOUTH_01:0
[  194495ms] [WARNING] Live server unreachable for listInspections. Falling back to Mode B local datastore: {error_code: NETWORK_OR_SERVER_ERROR, status: 503, message: HTTP 500, remediation: Check network connection or toggle Local Resilient Mode., timestamp: 2026-09-13T10:44:18.465Z} @ http://localhost:5174/src/services/api.ts:133
[  194520ms] [ERROR] Failed to load resource: the server responded with a status of 500 (Internal Server Error) @ http://localhost:5174/api/v1/inspections?circle_id=CIRCLE_DL_SOUTH_01:0
[  194520ms] [WARNING] Live server unreachable for listInspections. Falling back to Mode B local datastore: {error_code: NETWORK_OR_SERVER_ERROR, status: 503, message: HTTP 500, remediation: Check network connection or toggle Local Resilient Mode., timestamp: 2026-09-13T10:44:18.490Z} @ http://localhost:5174/src/services/api.ts:133
[  200861ms] [ERROR] Failed to load resource: the server responded with a status of 500 (Internal Server Error) @ http://localhost:5174/src/pages/NotFound.tsx?t=1789296264769:0
[  200873ms] [ERROR] [vite] Failed to reload /src/pages/NotFound.tsx. This could be due to syntax errors or importing non-existent modules. (see errors above) @ http://localhost:5174/@vite/client:881
[  265679ms] [ERROR] Failed to load resource: the server responded with a status of 500 (Internal Server Error) @ http://localhost:5174/src/pages/Unauthorized.tsx?t=1789296329628:0
[  265681ms] [ERROR] [vite] Failed to reload /src/pages/Unauthorized.tsx. This could be due to syntax errors or importing non-existent modules. (see errors above) @ http://localhost:5174/@vite/client:881
[  265966ms] [ERROR] Failed to load resource: the server responded with a status of 500 (Internal Server Error) @ http://localhost:5174/src/pages/Unauthorized.tsx?t=1789296329883:0
[  265972ms] [ERROR] [vite] Failed to reload /src/pages/Unauthorized.tsx. This could be due to syntax errors or importing non-existent modules. (see errors above) @ http://localhost:5174/@vite/client:881
